../Core/Src/main.c:88:5:main	32	static
../Core/Src/main.c:120:6:UART_SendString	16	static
../Core/Src/main.c:124:6:UART_GetString	40	static
../Core/Src/main.c:161:6:Debug_Print	16	static
../Core/Src/main.c:168:6:DHT_Init	4	static
../Core/Src/main.c:172:6:Read_DataDHT	16	static
../Core/Src/main.c:178:7:Read_Soil_Humidity	16	static
../Core/Src/main.c:186:7:Read_Soil_Luminosity	16	static
../Core/Src/main.c:194:6:ESP01_Init	24	static
../Core/Src/main.c:207:6:ESP01_SendATCommands	328	static
../Core/Src/main.c:230:6:ESP01_Update_Values_Receive	1144	static
../Core/Src/main.c:250:6:extractDataFromResponse	24	static
../Core/Src/main.c:258:6:SystemClock_Config	120	static
../Core/Src/main.c:320:6:PeriphCommonClock_Config	200	static
../Core/Src/main.c:347:13:MX_ADC1_Init	48	static
../Core/Src/main.c:415:13:MX_ADC2_Init	40	static
../Core/Src/main.c:474:13:MX_TIM6_Init	24	static
../Core/Src/main.c:512:13:MX_USART1_UART_Init	8	static
../Core/Src/main.c:560:13:MX_USART2_UART_Init	8	static
../Core/Src/main.c:608:13:MX_USART3_UART_Init	8	static
../Core/Src/main.c:656:13:MX_GPIO_Init	56	static
../Core/Src/main.c:703:6:Error_Handler	4	static,ignoring_inline_asm
